task041: unsolved | no family fit
task042: unsolved | no family fit
task043: unsolved | no family fit
task044: unsolved | no family fit
task045: unsolved | no family fit
task046: unsolved | no family fit
task047: unsolved | no family fit
task048: unsolved | no family fit
task049: unsolved | no family fit
task050: unsolved | no family fit
task051: unsolved | no family fit
Error: Filesize 2509042 exceeds 1509949.44.
task052: unsolved | no family fit
task053: solved   | local_neighborhood 10.628pt
task054: unsolved | no family fit
task055: unsolved | no family fit
task056: unsolved | no family fit
task057: unsolved | no family fit
task058: unsolved | no family fit
task059: unsolved | no family fit
task060: unsolved | no family fit
task061: unsolved | no family fit
task062: unsolved | no family fit
task063: unsolved | no family fit
task064: unsolved | no family fit
task065: unsolved | no family fit
task066: unsolved | no family fit
task067: unsolved | no family fit
task068: unsolved | no family fit
task069: unsolved | no family fit
Error: Filesize 43202079 exceeds 1509949.44.
task070: unsolved | no family fit
task071: unsolved | no family fit
task072: unsolved | no family fit
task073: solved   | local_neighborhood 12.32pt
task074: unsolved | no family fit
task075: unsolved | no family fit
task076: unsolved | no family fit
Error: Filesize 84743885 exceeds 1509949.44.
task077: unsolved | no family fit
task078: unsolved | no family fit
task079: unsolved | no family fit
task080: unsolved | no family fit
task081: solved   | local_neighborhood 10.649pt
task082: unsolved | no family fit
task083: unsolved | no family fit
task084: unsolved | no family fit
task085: unsolved | no family fit
task086: unsolved | no family fit
Error: Filesize 2499646 exceeds 1509949.44.
task087: unsolved | no family fit
task088: unsolved | no family fit
task089: unsolved | no family fit
task090: unsolved | no family fit
task091: unsolved | no family fit
task092: unsolved | no family fit
task093: unsolved | no family fit
task094: unsolved | no family fit
task095: solved   | local_neighborhood 12.578pt
task096: unsolved | no family fit
task097: solved   | local_neighborhood 8.361pt
task098: solved   | local_neighborhood 8.736pt
task099: unsolved | no family fit
task100: unsolved | no family fit
task101: unsolved | no family fit
task102: unsolved | no family fit
task103: unsolved | no family fit
task104: unsolved | no family fit
task105: unsolved | no family fit
task106: unsolved | no family fit
task107: unsolved | no family fit
task108: unsolved | no family fit
task109: unsolved | no family fit
task110: unsolved | no family fit
task111: unsolved | no family fit
task112: unsolved | no family fit
task113: unsolved | no family fit
task114: unsolved | no family fit
task115: unsolved | no family fit
task116: unsolved | no family fit
task117: unsolved | no family fit
task118: unsolved | no family fit
task119: unsolved | no family fit
task120: solved   | local_neighborhood 9.63pt
task121: unsolved | no family fit
task122: solved   | local_neighborhood 9.26pt
task123: unsolved | no family fit
task124: unsolved | no family fit
task125: unsolved | no family fit
task126: unsolved | no family fit
task127: solved   | local_neighborhood 11.395pt
task128: unsolved | no family fit
Error: Filesize 2490250 exceeds 1509949.44.
task129: unsolved | no family fit
task130: unsolved | no family fit
task131: unsolved | no family fit
task132: unsolved | no family fit
task133: unsolved | no family fit
task134: unsolved | no family fit
task135: unsolved | no family fit
task136: unsolved | no family fit
task137: unsolved | no family fit
task138: unsolved | no family fit
Error: Filesize 4396596 exceeds 1509949.44.
task139: unsolved | no family fit
Error: Filesize 2490250 exceeds 1509949.44.
task140: unsolved | no family fit
task141: unsolved | no family fit
task142: unsolved | no family fit
task143: unsolved | no family fit
task144: unsolved | no family fit
task145: unsolved | no family fit
task146: unsolved | no family fit
task147: solved   | local_neighborhood 9.408pt
task148: unsolved | no family fit
task149: unsolved | no family fit
Error: Filesize 10528008 exceeds 1509949.44.
task150: unsolved | no family fit
task151: solved   | local_neighborhood 8.744pt
task152: unsolved | no family fit
task153: unsolved | no family fit
task154: unsolved | no family fit
Error: Filesize 10113540 exceeds 1509949.44.
task155: unsolved | no family fit
task156: unsolved | no family fit
task157: unsolved | no family fit
task158: unsolved | no family fit
task159: unsolved | no family fit
Error: Filesize 9411972 exceeds 1509949.44.
task160: unsolved | no family fit
task161: unsolved | no family fit
Error: Filesize 99745121 exceeds 1509949.44.
task162: unsolved | no family fit
task163: unsolved | no family fit
task164: unsolved | no family fit
task165: unsolved | no family fit
task166: unsolved | no family fit
Error: Filesize 2490250 exceeds 1509949.44.
task167: unsolved | no family fit
task168: unsolved | no family fit
task169: unsolved | no family fit
task170: unsolved | no family fit
task171: solved   | local_neighborhood 13.907pt
task172: unsolved | no family fit
task173: unsolved | no family fit
task174: unsolved | no family fit
task175: unsolved | no family fit
task176: unsolved | no family fit
task177: unsolved | no family fit
task178: unsolved | no family fit
Error: Filesize 2509042 exceeds 1509949.44.
task179: unsolved | no family fit
task180: unsolved | no family fit
task181: unsolved | no family fit
task182: unsolved | no family fit
task183: unsolved | no family fit
task184: unsolved | no family fit
task185: unsolved | no family fit
Error: Filesize 2396290 exceeds 1509949.44.
task186: unsolved | no family fit
task187: unsolved | no family fit
task188: unsolved | no family fit
task189: unsolved | no family fit
task190: unsolved | no family fit
task191: unsolved | no family fit
Error: Filesize 4728728 exceeds 1509949.44.
task192: unsolved | no family fit
task193: solved   | local_neighborhood 8.223pt
task194: unsolved | no family fit
task195: unsolved | no family fit
task196: unsolved | no family fit
task197: unsolved | no family fit
task198: unsolved | no family fit
task199: unsolved | no family fit
task200: unsolved | no family fit
task201: unsolved | no family fit
task202: unsolved | no family fit
task203: unsolved | no family fit
task204: unsolved | no family fit
task205: unsolved | no family fit
task206: unsolved | no family fit
task207: unsolved | no family fit
Error: Filesize 121971881 exceeds 1509949.44.
task208: unsolved | no family fit
task209: unsolved | no family fit
task210: unsolved | no family fit
task211: unsolved | no family fit
task212: unsolved | no family fit
task213: unsolved | no family fit
task214: unsolved | no family fit
task215: unsolved | no family fit
task216: unsolved | no family fit
task217: unsolved | no family fit
task218: unsolved | no family fit
task219: unsolved | no family fit
task220: solved   | local_neighborhood 11.673pt
task221: unsolved | no family fit
Error: Filesize 24812381 exceeds 1509949.44.
task222: unsolved | no family fit
task223: unsolved | no family fit
task224: unsolved | no family fit
task225: unsolved | no family fit
task226: unsolved | no family fit
task227: unsolved | no family fit
task228: unsolved | no family fit
Error: Filesize 2509042 exceeds 1509949.44.
task229: unsolved | no family fit
task230: solved   | local_neighborhood 12.467pt
task231: unsolved | no family fit
task232: unsolved | no family fit
task233: unsolved | no family fit
task234: unsolved | no family fit
task235: unsolved | no family fit
task236: unsolved | no family fit
task237: unsolved | no family fit
task238: unsolved | no family fit
task239: unsolved | no family fit
task240: unsolved | no family fit
task241: unsolved | no family fit
task242: unsolved | no family fit
Error: Filesize 61991993 exceeds 1509949.44.
task243: unsolved | no family fit
task244: unsolved | no family fit
task245: unsolved | no family fit
task246: unsolved | no family fit
task247: unsolved | no family fit
task248: unsolved | no family fit
task249: unsolved | no family fit
task250: unsolved | no family fit
task251: unsolved | no family fit
task252: unsolved | no family fit
task253: unsolved | no family fit
task254: unsolved | no family fit
task255: unsolved | no family fit
task256: unsolved | no family fit
task257: unsolved | no family fit
task258: solved   | local_neighborhood 10.906pt
task259: unsolved | no family fit
task260: unsolved | no family fit
task261: solved   | local_neighborhood 9.848pt
task262: solved   | local_neighborhood 11.87pt
task263: unsolved | no family fit
task264: unsolved | no family fit
Error: Filesize 70781429 exceeds 1509949.44.
task265: unsolved | no family fit
task266: solved   | local_neighborhood 12.044pt
task267: unsolved | no family fit
task268: unsolved | no family fit
task269: unsolved | no family fit
task270: unsolved | no family fit
task271: unsolved | no family fit
task272: solved   | local_neighborhood 9.458pt
task273: unsolved | no family fit
task274: unsolved | no family fit
task275: unsolved | no family fit
task276: solved   | color_lut 20.395pt
task277: unsolved | no family fit
Error: Filesize 9284604 exceeds 1509949.44.
task278: unsolved | no family fit
task279: unsolved | no family fit
task280: unsolved | no family fit
task281: unsolved | no family fit
task282: solved   | local_neighborhood 12.578pt
task283: solved   | local_neighborhood 11.074pt
task284: unsolved | no family fit
task285: unsolved | no family fit
task286: unsolved | no family fit
task287: unsolved | no family fit
task288: unsolved | no family fit
task289: unsolved | no family fit
task290: unsolved | no family fit
task291: unsolved | no family fit
task292: unsolved | no family fit
task293: solved   | local_neighborhood 8.189pt
task294: solved   | local_neighborhood 11.087pt
task295: unsolved | no family fit
task296: unsolved | no family fit
task297: unsolved | no family fit
Error: Filesize 13409448 exceeds 1509949.44.
task298: unsolved | no family fit
task299: unsolved | no family fit
task300: unsolved | no family fit
task301: unsolved | no family fit
Error: Filesize 2522614 exceeds 1509949.44.
task302: unsolved | no family fit
task303: unsolved | no family fit
task304: unsolved | no family fit
task305: unsolved | no family fit
task306: unsolved | no family fit
task307: unsolved | no family fit
task308: unsolved | no family fit
task309: solved   | color_lut 20.395pt
task310: unsolved | no family fit
task311: unsolved | no family fit
task312: unsolved | no family fit
task313: unsolved | no family fit
task314: unsolved | no family fit
task315: unsolved | no family fit
task316: unsolved | no family fit
task317: solved   | local_neighborhood 12.578pt
task318: unsolved | no family fit
task319: unsolved | no family fit
task320: unsolved | no family fit
task321: unsolved | no family fit
Error: Filesize 2499646 exceeds 1509949.44.
task322: unsolved | no family fit
task323: unsolved | no family fit
task324: unsolved | no family fit
task325: unsolved | no family fit
task326: unsolved | no family fit
task327: unsolved | no family fit
task328: unsolved | no family fit
Error: Filesize 10558284 exceeds 1509949.44.
task329: unsolved | no family fit
task330: unsolved | no family fit
task331: solved   | local_neighborhood 12.027pt
task332: unsolved | no family fit
task333: unsolved | no family fit
task334: unsolved | no family fit
task335: unsolved | no family fit
task336: unsolved | no family fit
task337: solved   | color_permute 22.697pt
task338: unsolved | no family fit
task339: unsolved | no family fit
task340: unsolved | no family fit
task341: unsolved | no family fit
task342: unsolved | no family fit
task343: unsolved | no family fit
task344: solved   | local_neighborhood 8.749pt
task345: unsolved | no family fit
task346: unsolved | no family fit
task347: unsolved | no family fit
task348: unsolved | no family fit
task349: unsolved | no family fit
task350: unsolved | no family fit
task351: unsolved | no family fit
task352: solved   | local_neighborhood 9.75pt
task353: unsolved | no family fit
task354: unsolved | no family fit
task355: unsolved | no family fit
task356: unsolved | no family fit
task357: unsolved | no family fit
task358: unsolved | no family fit
Error: Filesize 55705025 exceeds 1509949.44.
task359: unsolved | no family fit
task360: unsolved | no family fit
task361: unsolved | no family fit
task362: unsolved | no family fit
task363: unsolved | no family fit
task364: unsolved | no family fit
task365: unsolved | no family fit
task366: unsolved | no family fit
task367: unsolved | no family fit
task368: unsolved | no family fit
Error: Filesize 22021407 exceeds 1509949.44.
task369: unsolved | no family fit
task370: unsolved | no family fit
task371: unsolved | no family fit
task372: unsolved | no family fit
task373: unsolved | no family fit
task374: unsolved | no family fit
task375: unsolved | no family fit
task376: unsolved | no family fit
task377: unsolved | no family fit
task378: unsolved | no family fit
task379: unsolved | no family fit
Error: Filesize 2509042 exceeds 1509949.44.
task380: unsolved | no family fit
task381: unsolved | no family fit
task382: unsolved | no family fit
task383: unsolved | no family fit
task384: unsolved | no family fit
task385: unsolved | no family fit
task386: unsolved | no family fit
task387: unsolved | no family fit
task388: unsolved | no family fit
Error: Filesize 4596000 exceeds 1509949.44.
task389: unsolved | no family fit
task390: unsolved | no family fit
task391: unsolved | no family fit
task392: unsolved | no family fit
task393: unsolved | no family fit
task394: unsolved | no family fit
task395: unsolved | no family fit
task396: unsolved | no family fit
task397: unsolved | no family fit
task398: unsolved | no family fit
task399: unsolved | no family fit
task400: unsolved | no family fit
